---
source: tests/snapshot.rs
assertion_line: 114
expression: run_result.output

---
(HOST) INFO  flashing program (2 pages / 8.00 KiB)
(HOST) INFO  success!
────────────────────────────────────────────────────────────────────────────────
Hello, world!
────────────────────────────────────────────────────────────────────────────────
stack backtrace:
   0: lib::inline::__bkpt
        at ./asm/inline.rs:14:5
   1: __bkpt
        at ./asm/lib.rs:51:17
   2: cortex_m::asm::bkpt
        at [cortex-m-0.7.7]/src/call_asm.rs:19:21
   3: test_elfs::exit
        at /test_elfs/src/lib.rs:18:9
   4: hello::__cortex_m_rt_main
        at /test_elfs/src/bin/hello.rs:10:5
   5: main
        at /test_elfs/src/bin/hello.rs:6:1
   6: Reset
(HOST) INFO  device halted without error

