---
source: tests/snapshot.rs
assertion_line: 143
expression: run_result.output

---
<time> [INFO ] Location<main.rs:203> flashing program (2 pages / 8.00 KiB)
<time> [INFO ] Location<main.rs:190> success!
────────────────────────────────────────────────────────────────────────────────
0 INFO  info
1 TRACE trace
2 WARN  warn
3 DEBUG debug
4 ERROR error
println
────────────────────────────────────────────────────────────────────────────────
<time> [INFO ] Location<canary.rs:125> program has used at least 0.23/254.93 KiB (0.1%) of stack space
<time> [INFO ] Location<mod.rs:131> device halted without error

